// Jest Snapshot v1, https://goo.gl/fbAQLP

exports[`<MyHeader /> should render a snapshot with a right header 1`] = `
<h1>
  Header!!!
</h1>
`;
